// Jest Snapshot v1, https://goo.gl/fbAQLP

exports[`LoginPage renders unchanged 1`] = `
<div>
  <div
    class="flex grow items-center justify-center p-6 md:p-10"
  >
    <div
      class="w-full max-w-sm"
    >
      <div
        class="flex flex-col gap-6"
      >
        <div
          class="bg-card text-card-foreground flex flex-col gap-6 rounded-xl border py-6 shadow-sm"
          data-slot="card"
        >
          <div
            class="@container/card-header grid auto-rows-min grid-rows-[auto_auto] items-start gap-1.5 px-6 has-[data-slot=card-action]:grid-cols-[1fr_auto] [.border-b]:pb-6"
            data-slot="card-header"
          >
            <div
              class="leading-none font-semibold"
              data-slot="card-title"
            >
              Login to your account
            </div>
            <div
              class="text-muted-foreground text-sm"
              data-slot="card-description"
            >
              Enter your username below to login to your account
            </div>
          </div>
          <div
            class="px-6"
            data-slot="card-content"
          >
            <form>
              <div
                class="flex flex-col gap-6"
              >
                <div
                  class="grid gap-3"
                >
                  <label
                    class="flex items-center gap-2 text-sm leading-none font-medium select-none group-data-[disabled=true]:pointer-events-none group-data-[disabled=true]:opacity-50 peer-disabled:cursor-not-allowed peer-disabled:opacity-50 data-[error=true]:text-destructive-foreground"
                    data-error="false"
                    data-slot="form-label"
                    for="username"
                  >
                    Username
                  </label>
                  <input
                    aria-describedby="undefined-form-item-description"
                    aria-invalid="false"
                    autocomplete="username"
                    class="border-input file:text-foreground placeholder:text-muted-foreground selection:bg-primary selection:text-primary-foreground flex h-9 w-full min-w-0 rounded-md border bg-transparent px-3 py-1 text-base shadow-xs transition-[color,box-shadow] outline-none file:inline-flex file:h-7 file:border-0 file:bg-transparent file:text-sm file:font-medium disabled:pointer-events-none disabled:cursor-not-allowed disabled:opacity-50 md:text-sm focus-visible:border-ring focus-visible:ring-ring/50 focus-visible:ring-[3px] aria-invalid:ring-destructive/20 dark:aria-invalid:ring-destructive/40 aria-invalid:border-destructive"
                    data-slot="form-control"
                    id="username"
                    name="username"
                    placeholder="johndoe"
                    type="text"
                    value=""
                  />
                </div>
                <div
                  class="grid gap-3"
                >
                  <div
                    class="flex items-center"
                  >
                    <label
                      class="flex items-center gap-2 text-sm leading-none font-medium select-none group-data-[disabled=true]:pointer-events-none group-data-[disabled=true]:opacity-50 peer-disabled:cursor-not-allowed peer-disabled:opacity-50 data-[error=true]:text-destructive-foreground"
                      data-error="false"
                      data-slot="form-label"
                      for="password"
                    >
                      Password
                    </label>
                    <a
                      class="ml-auto inline-block text-sm underline-offset-4 hover:underline"
                      href="/reset-password"
                    >
                      Forgot your password?
                    </a>
                  </div>
                  <input
                    aria-describedby="undefined-form-item-description"
                    aria-invalid="false"
                    autocomplete="current-password"
                    class="border-input file:text-foreground placeholder:text-muted-foreground selection:bg-primary selection:text-primary-foreground flex h-9 w-full min-w-0 rounded-md border bg-transparent px-3 py-1 text-base shadow-xs transition-[color,box-shadow] outline-none file:inline-flex file:h-7 file:border-0 file:bg-transparent file:text-sm file:font-medium disabled:pointer-events-none disabled:cursor-not-allowed disabled:opacity-50 md:text-sm focus-visible:border-ring focus-visible:ring-ring/50 focus-visible:ring-[3px] aria-invalid:ring-destructive/20 dark:aria-invalid:ring-destructive/40 aria-invalid:border-destructive"
                    data-slot="form-control"
                    id="password"
                    name="password"
                    type="password"
                    value=""
                  />
                </div>
                <button
                  class="inline-flex items-center justify-center gap-2 whitespace-nowrap rounded-md text-sm font-medium transition-[color,box-shadow] disabled:pointer-events-none disabled:opacity-50 [&_svg]:pointer-events-none [&_svg:not([class*='size-'])]:size-4 shrink-0 [&_svg]:shrink-0 outline-none focus-visible:border-ring focus-visible:ring-ring/50 focus-visible:ring-[3px] aria-invalid:ring-destructive/20 dark:aria-invalid:ring-destructive/40 aria-invalid:border-destructive bg-primary text-primary-foreground shadow-xs hover:bg-primary/90 h-9 px-4 py-2 has-[>svg]:px-3 w-full"
                  data-slot="button"
                  type="submit"
                >
                  Login
                </button>
              </div>
              <div
                class="mt-4 text-center text-sm"
              >
                Don't have an account?
                 
                <a
                  class="underline underline-offset-4"
                  href="/signup"
                >
                  Sign up
                </a>
              </div>
            </form>
          </div>
        </div>
      </div>
    </div>
  </div>
</div>
`;
