// Jest Snapshot v1, https://goo.gl/fbAQLP

exports[`ImageDetailPage renders unchanged 1`] = `
<div>
  <div
    class="grow max-w-screen-xl mx-auto px-4 sm:px-6 lg:px-8 w-full py-8"
  >
    <div
      class="mb-6"
    >
      <button
        class="justify-center whitespace-nowrap text-sm font-medium transition-[color,box-shadow] disabled:pointer-events-none disabled:opacity-50 [&_svg]:pointer-events-none [&_svg:not([class*='size-'])]:size-4 shrink-0 [&_svg]:shrink-0 outline-none focus-visible:border-ring focus-visible:ring-ring/50 focus-visible:ring-[3px] aria-invalid:ring-destructive/20 dark:aria-invalid:ring-destructive/40 aria-invalid:border-destructive hover:bg-accent hover:text-accent-foreground rounded-md has-[>svg]:px-2.5 flex items-center gap-1 px-2 h-8 cursor-pointer"
        data-slot="button"
      >
        <svg
          class="lucide lucide-arrow-left h-3.5 w-3.5"
          fill="none"
          height="24"
          stroke="currentColor"
          stroke-linecap="round"
          stroke-linejoin="round"
          stroke-width="2"
          viewBox="0 0 24 24"
          width="24"
          xmlns="http://www.w3.org/2000/svg"
        >
          <path
            d="m12 19-7-7 7-7"
          />
          <path
            d="M19 12H5"
          />
        </svg>
        Back to results
      </button>
    </div>
  </div>
</div>
`;
